---
source: tests/snapshot_overview.rs
expression: "common::render_model(&model)"
---
"┌ Flightdeck ──────────────────────────────────────────────────────────────────────────────────────────────────────────────────────────────────────────────────────────────────────────────────────────┐"
"│ Flightdeck   legacy archive · read-only · demo-terminated  ·  Supervisor codex at /repo/demo  ·  state: live file  ·  uptime 4h10m  ·  Adhoc 1 · Issues 0 · Tasks 0  ✔ session complete       moon ▾ │"
"└──────────────────────────────────────────────────────────────────────────────────────────────────────────────────────────────────────────────────────────────────────────────────────────────────────┘"
"┌ tabs ────────────────────────────────────────────────────────────────────────────────────────────────────────────────────────────────────────────────────────────────────────────────────────────────┐"
"│ Overview │ Activity │ Conversations │ Decisions │ Costs │ Daemon                                                                                                                                     │"
"└──────────────────────────────────────────────────────────────────────────────────────────────────────────────────────────────────────────────────────────────────────────────────────────────────────┘"
"┌ legacy archive ──────────────────────────────────────────────────────────────────────────────────────────────────────────────────────────────────────────────────────────────────────────────────────┐"
"│                                                            Legacy project-local archive · read-only · terminated 2026-05-15 10:07:30 UTC.                                                            │"
"└──────────────────────────────────────────────────────────────────────────────────────────────────────────────────────────────────────────────────────────────────────────────────────────────────────┘"
"┌ summary ─────────────────┐┌ tracked work (1 items) ──────────────────────────────────────────────────────────────────────────────────────────────────────┐┌ selected work ───────────────────────────┐"
"│Status                    ││Type    State            Harness    Title          Cost           PR / path      Age      Decision                Activity    ││Summarize completed run                   │"
"│▸ Completed          1    ││Adhoc   Completed        claude     Summarize com… —              —              40m      terminal-state-reached  3m          ││adhoc-summary  ·  Adhoc  ·  Completed     │"
"│                          ││                                                                                                                              ││                                          │"
"│Merge queue               ││                                                                                                                              ││Where                                     │"
"│empty                     ││                                                                                                                              ││tmux tab Summarize completed run          │"
"│                          ││                                                                                                                              ││cwd     /repo/demo                        │"
"│Conflicts                 ││                                                                                                                              ││                                          │"
"│no edges                  ││                                                                                                                              ││Cost                                      │"
"│                          ││                                                                                                                              ││cost      — (no source)                   │"
"│                          ││                                                                                                                              ││                                          │"
"│                          ││                                                                                                                              ││Recent activity                           │"
"│                          ││                                                                                                                              ││no activity events yet                    │"
"│                          ││                                                                                                                              ││                                          │"
"│                          ││                                                                                                                              ││Recent decisions                          │"
"│                          ││                                                                                                                              ││• terminal-state-reached → complete       │"
"│                          ││                                                                                                                              ││                                          │"
"│                          ││                                                                                                                              ││Actions                                   │"
"│                          ││                                                                                                                              ││read-only archive view; return to active  │"
"│                          ││                                                                                                                              ││run before mutating panes                 │"
"│                          ││                                                                                                                              ││                                          │"
"│                          ││                                                                                                                              ││                                          │"
"│                          ││                                                                                                                              ││                                          │"
"│                          ││                                                                                                                              ││                                          │"
"│                          ││                                                                                                                              ││                                          │"
"│                          ││                                                                                                                              ││                                          │"
"│                          ││                                                                                                                              ││                                          │"
"│                          ││                                                                                                                              ││                                          │"
"│                          ││                                                                                                                              ││                                          │"
"│                          ││                                                                                                                              ││                                          │"
"│                          ││                                                                                                                              ││                                          │"
"│                          ││                                                                                                                              ││                                          │"
"│                          ││                                                                                                                              ││                                          │"
"│                          ││                                                                                                                              ││                                          │"
"│                          ││                                                                                                                              ││                                          │"
"│                          ││                                                                                                                              ││                                          │"
"│                          ││                                                                                                                              ││                                          │"
"│                          ││                                                                                                                              ││                                          │"
"│                          ││                                                                                                                              ││                                          │"
"│                          ││                                                                                                                              ││                                          │"
"│                          ││                                                                                                                              ││                                          │"
"│                          ││                                                                                                                              ││                                          │"
"│                          ││                                                                                                                              ││                                          │"
"│                          ││                                                                                                                              ││                                          │"
"│                          ││                                                                                                                              ││                                          │"
"│                          ││                                                                                                                              ││                                          │"
"│                          ││                                                                                                                              ││                                          │"
"│                          ││                                                                                                                              ││                                          │"
"└──────────────────────────┘└──────────────────────────────────────────────────────────────────────────────────────────────────────────────────────────────┘└──────────────────────────────────────────┘"
" ↹ tabs   j/k or ↑/↓ select   ⏎ detail   H history   f filters   n noise   s session   d decisions   e export   ? help   q quit                                            noise: hidden  ·  filter: off"
"                                                                                                                                                                                                        "
