---
source: tests/snapshot_overview.rs
expression: rendered
---
"┌ Flightdeck ──────────────────────────────────────────────┐"
"│ Flightdeck   session demo-mixed  ·  Supervisor pi moon ▾ │"
"└──────────────────────────────────────────────────────────┘"
"┌ tabs ────────────────────────────────────────────────────┐"
"│ Ov │ Act │ Conv │ Merg │ Dec │ Cost │ Daem               │"
"└──────────────────────────────────────────────────────────┘"
"┌ tracked work (3 items) ──────────────────────────────────┐"
"│Session demo-mixed  ·  Adhoc:1  Issues:1  Tasks:1  ·      │"
"│2h25m                                                     │"
"│                                                          │"
"│› VST-101               Needs input  opencode Fix         │"
"│dashboard state reader              PR #44                │"
"│dashboard-rust        Submitting   codex    Build Rust    │"
"│dashboard                                                 │"
"│adhoc-logs            Running      pi       Watch daemon  │"
"│logs                                                      │"
"│                                                          │"
"│                                                          │"
"│                                                          │"
"│                                                          │"
"│                                                          │"
"│                                                          │"
"│                                                          │"
"│                                                          │"
"│                                                          │"
"│                                                          │"
"│                                                          │"
"│                                                          │"
"│                                                          │"
"│                                                          │"
"│                                                          │"
"│                                                          │"
"│                                                          │"
"│                                                          │"
"│                                                          │"
"│                                                          │"
"│                                                          │"
"│                                                          │"
"│                                                          │"
"│                                                          │"
"│                                                          │"
"│                                                          │"
"│                                                          │"
"│                                                          │"
"│                                                          │"
"│                                                          │"
"│                                                          │"
"│                                                          │"
"│                                                          │"
"│                                                          │"
"│                                                          │"
"│                                                          │"
"│                                                          │"
"│                                                          │"
"│                                                          │"
"│                                                          │"
"│                                                          │"
"└──────────────────────────────────────────────────────────┘"
" ↹ tabs   j/k or ↑/↓ select   ⏎ detail   H history   f filte"
"                                                            "
