---
source: tests/snapshot_tabs.rs
expression: rendered
---
"┌ Flightdeck ──────────────────────────────────────────────────────────────────────────────────────────────────────────────────────────────────────────────────────────────────────────────────────────┐"
"│ Flightdeck   session demo-no-issue  ·  Master codex at /repo/demo  ·  daemon: file-mode  ·  uptime 2h10m  ·  Adhoc 1 · Issue 0 · Workflow 1  ·  fresh  $0.00 · 0 turns · in 0 / out 0         moon ▾ │"
"└──────────────────────────────────────────────────────────────────────────────────────────────────────────────────────────────────────────────────────────────────────────────────────────────────────┘"
"┌ tabs ────────────────────────────────────────────────────────────────────────────────────────────────────────────────────────────────────────────────────────────────────────────────────────────────┐"
"│ Overview │ Activity │ Conversations │ Decisions │ Costs │ Daemon                                                                                                                                     │"
"└──────────────────────────────────────────────────────────────────────────────────────────────────────────────────────────────────────────────────────────────────────────────────────────────────────┘"
"┌ left rail ───────────────┐┌ sessions (2 tracked) ────────────────────────────────────────────────────────────────────────────────────────────────────────┐┌ detail ──────────────────────────────────┐"
"│Status                    ││Kind    State            Harness    Title          Cost           PR / path      Age      Decision                Activity    ││Dashboard smoke                           │"
"│▸ Submitting         1    ││WF      Submitting       shell      Dashboard smo… —              —              1h10m    —                       1m          ││wf-dashboard  ·  Workflow  ·  Submitting  │"
"│Running            1      ││AH      Running          claude     Read docs      —              —              2h00m    —                       1m          ││substate: running smoke                   │"
"│                          ││                                                                                                                              ││                                          │"
"│Merge queue               ││                                                                                                                              ││Where                                     │"
"│empty                     ││                                                                                                                              ││pane    %41                               │"
"│                          ││                                                                                                                              ││cwd     /repo/demo                        │"
"│Conflicts                 ││                                                                                                                              ││                                          │"
"│no edges                  ││                                                                                                                              ││Cost                                      │"
"│                          ││                                                                                                                              ││cost      — (no source)                   │"
"│                          ││                                                                                                                              ││                                          │"
"│                          ││                                                                                                                              ││Recent activity                           │"
"│                          ││                                                                                                                              ││no activity events yet                    │"
"│                          ││                                                                                                                              ││                                          │"
"│                          ││                                                                                                                              ││Recent decisions                          │"
"│                          ││                                                                                                                              ││no decisions yet                          │"
"│                          ││                                                                                                                              ││                                          │"
"│                          ││                                                                                                                              ││Actions                                   │"
"│                          ││                                                                                                                              ││[ Focus tmux window ]                     │"
"│                          ││                                                                                                                              ││                                          │"
"│                          ││                                                                                                                              ││                                          │"
"│                          ││                                                                                                                              ││                                          │"
"│                          ││                                                                                                                              ││                                          │"
"│                          ││                                                                                                                              ││                                          │"
"│                          ││                                                                                                                              ││                                          │"
"│                          ││                                                                                                                              ││                                          │"
"│                          ││                                                                                                                              ││                                          │"
"│                          ││                                                                                                                              ││                                          │"
"│                          ││                                                                                                                              ││                                          │"
"│                          ││                                                                                                                              ││                                          │"
"│                          ││                                                                                                                              ││                                          │"
"│                          ││                                                                                                                              ││                                          │"
"│                          ││                                                                                                                              ││                                          │"
"│                          ││                                                                                                                              ││                                          │"
"│                          ││                                                                                                                              ││                                          │"
"│                          ││                                                                                                                              ││                                          │"
"│                          ││                                                                                                                              ││                                          │"
"│                          ││                                                                                                                              ││                                          │"
"│                          ││                                                                                                                              ││                                          │"
"│                          ││                                                                                                                              ││                                          │"
"│                          ││                                                                                                                              ││                                          │"
"│                          ││                                                                                                                              ││                                          │"
"│                          ││                                                                                                                              ││                                          │"
"│                          ││                                                                                                                              ││                                          │"
"│                          ││                                                                                                                              ││                                          │"
"│                          ││                                                                                                                              ││                                          │"
"│                          ││                                                                                                                              ││                                          │"
"│                          ││                                                                                                                              ││                                          │"
"│                          ││                                                                                                                              ││                                          │"
"│                          ││                                                                                                                              ││                                          │"
"└──────────────────────────┘└──────────────────────────────────────────────────────────────────────────────────────────────────────────────────────────────┘└──────────────────────────────────────────┘"
" ↹ tabs   j/k or ↑/↓ select   ⏎ detail   f filters   n noise   s session   d decisions   e export   ? help   q quit                                                        noise: hidden  ·  filter: off"
"                                                                                                                                                                                                        "
