---
source: tests/snapshot_overview.rs
expression: narrow
---
"┌ Flightdeck ──────────────────────────────────────────────────────────────────┐"
"│ Flightdeck   session demo-wide-char  ·  Supervisor pi                 moon ▾ │"
"└──────────────────────────────────────────────────────────────────────────────┘"
"┌ tabs ────────────────────────────────────────────────────────────────────────┐"
"│ Ov │ Act │ Conv │ Merg │ Dec │ Cost │ Daem                                   │"
"└──────────────────────────────────────────────────────────────────────────────┘"
"┌ tracked work (2 items) ──────────────────────────────────────────────────────┐"
"│Session demo-wide-char  ·  Adhoc:1  Issues:1  Tasks:0  ·  1h10m               │"
"│                                                                              │"
"│› WIDE-1                Needs input  opencode 🚀 ship it · 测试 dashboard     │" Hidden by multi-width symbols: [(48, " "), (61, " "), (63, " ")]
"│rendering   PR #1                                                             │"
"│plain-2               Running      pi       plain ASCII row for alignment     │"
"│check                                                                         │"
"│                                                                              │"
"│                                                                              │"
"│                                                                              │"
"│                                                                              │"
"│                                                                              │"
"│                                                                              │"
"│                                                                              │"
"│                                                                              │"
"│                                                                              │"
"│                                                                              │"
"│                                                                              │"
"│                                                                              │"
"│                                                                              │"
"│                                                                              │"
"│                                                                              │"
"│                                                                              │"
"│                                                                              │"
"│                                                                              │"
"│                                                                              │"
"│                                                                              │"
"│                                                                              │"
"│                                                                              │"
"│                                                                              │"
"│                                                                              │"
"│                                                                              │"
"│                                                                              │"
"│                                                                              │"
"│                                                                              │"
"│                                                                              │"
"│                                                                              │"
"│                                                                              │"
"│                                                                              │"
"│                                                                              │"
"│                                                                              │"
"│                                                                              │"
"│                                                                              │"
"│                                                                              │"
"│                                                                              │"
"│                                                                              │"
"│                                                                              │"
"│                                                                              │"
"│                                                                              │"
"│                                                                              │"
"│                                                                              │"
"└──────────────────────────────────────────────────────────────────────────────┘"
" ↹ tabs   j/k or ↑/↓ select   ⏎ detail   H history   f filters   n noise   s ses"
"                                                                                "
