---
source: tests/snapshot_popups.rs
expression: "common::render_model(&model)"
---
"┌ Flightdeck ──────────────────────────────────────────────────────────────────────────────────────────────────────────────────────────────────────────────────────────────────────────────────────────┐"
"│ Flightdeck   session demo-mixed  ·  Supervisor pi at /repo/demo  ·  state: live file  ·  uptime 2h25m  ·  Adhoc 1 · Issues 1 · Tasks 1  ·  4m old  $0.00 · 0 turns · in 0 / out 0             moon ▾ │"
"└──────────────────────────────────────────────────────────────────────────────────────────────────────────────────────────────────────────────────────────────────────────────────────────────────────┘"
"┌ tabs ────────────────────────────────────────────────────────────────────────────────────────────────────────────────────────────────────────────────────────────────────────────────────────────────┐"
"│ Overview │ Activity │ Conversations │ Merges │ Decisions │ Costs │ Daemon                                                                                                                            │"
"└──────────────────────────────────────────────────────────────────────────────────────────────────────────────────────────────────────────────────────────────────────────────────────────────────────┘"
"┌ activity · 4 rows · 0 noisy hidden · all sessions · all severities ──────────────────────────────────────────────────────────────────────────────────────────────────────────────────────────────────┐"
"│Time     Session            Type       Status   Summary                                                                                                                                               │"
"│03:10:00 VST-101            question   warn     ! prompt detected: merge-now with long detail text                                                                                                    │"
"│03:06:00 dashboard-rust┌ Activity · question ────────────────────────────────────────────────────────────────────────────────────────────────────────────────────────────[ ✕ ]┐                       │"
"│03:05:30 VST-101       │ VST-101  ·  question.opened  ·  2026-05-15T10:10:00+00:00                                                                                            │                       │"
"│03:05:00 VST-101       │ Summary                                                                                                                                              │                       │"
"│                       │ prompt detected: merge-now with long detail text                                                                                                     │                       │"
"│                       │                                                                                                                                                      │                       │"
"│                       │ Status                                                                                                                                               │                       │"
"│                       │ warn · important                                                                                                                                     │                       │"
"│                       │                                                                                                                                                      │                       │"
"│                       │ Session                                                                                                                                              │                       │"
"│                       │ VST-101 · debug pane id %41 · harness opencode                                                                                                       │                       │"
"│                       │                                                                                                                                                      │                       │"
"│                       │ Body                                                                                                                                                 │                       │"
"│                       │ Full prompt and routing context for the selected activity event.                                                                                     │                       │"
"│                       │                                                                                                                                                      │                       │"
"│                       │ JSON                                                                                                                                                 │                       │"
"│                       │ {                                                                                                                                                    │                       │"
"│                       │   "schema_version": 1,                                                                                                                               │                       │"
"│                       │   "id": "detail-1",                                                                                                                                  │                       │"
"│                       │   "ts": "2026-05-15T10:10:00Z",                                                                                                                      │                       │"
"│                       │   "session_id": "demo-mixed",                                                                                                                        │                       │"
"│                       │   "source": "flightdeck",                                                                                                                            │                       │"
"│                       │   "entry_id": "VST-101",                                                                                                                             │                       │"
"│                       │   "entry_title": "Fix dashboard state reader",                                                                                                       │                       │"
"│                       │   "entry_kind": "issue",                                                                                                                             │                       │"
"│                       │   "pane_id": "%41",                                                                                                                                  │                       │"
"│                       │   "harness": "opencode",                                                                                                                             │                       │"
"│                       │   "type": "question.opened",                                                                                                                         │                       │"
"│                       │   "severity": "warning",                                                                                                                             │                       │"
"│                       │   "importance": "important",                                                                                                                         │                       │"
"│                       │   "summary": "prompt detected: merge-now with long detail text",                                                                                     │                       │"
"│                       │   "body": "Full prompt and routing context for the selected activity event.",                                                                        │                       │"
"│                       │   "links": [],                                                                                                                                       │                       │"
"│                       │   "refs": null,                                                                                                                                      │                       │"
"│                       │   "details": null,                                                                                                                                   │                       │"
"│                       │   "noisy": false                                                                                                                                     │                       │"
"│                       │ }                                                                                                                                                    │                       │"
"│                       │                                                                                                                                                      │                       │"
"│                       │                                                                                                                                                      │                       │"
"│                       │                                                                                                                                                      │                       │"
"│                       │                                                                                                                                                      │                       │"
"│                       │                                                                Esc close   ↑/↓ scroll                                                                │                       │"
"│                       └──────────────────────────────────────────────────────────────────────────────────────────────────────────────────────────────────────────────────────┘                       │"
"│                                                                                                                                                                                                      │"
"│                                                                                                                                                                                                      │"
"│                                                                                                                                                                                                      │"
"│                                                                                                                                                                                                      │"
"│                                                                                                                                                                                                      │"
"│                                                                                                                                                                                                      │"
"└──────────────────────────────────────────────────────────────────────────────────────────────────────────────────────────────────────────────────────────────────────────────────────────────────────┘"
" ↹ tabs   j/k or ↑/↓ select   ⏎ detail   H history   f filters   n noise   s session   d decisions   e export   ? help   q quit                                            noise: hidden  ·  filter: off"
"                                                                                                                                                                                                        "
