---
source: tests/snapshot_popups.rs
expression: "common::render_model(&model)"
---
"┌ Flightdeck ──────────────────────────────────────────────────────────────────────────────────────────────────────────────────────────────────────────────────────────────────────────────────────────┐"
"│ Flightdeck   session demo-mixed  ·  Supervisor pi at /repo/demo  ·  state: live file  ·  uptime 2h25m  ·  Adhoc 1 · Issues 1 · Tasks 1  ·  4m old  $0.00 · 0 turns · in 0 / out 0             moon ▾ │"
"└──────────────────────────────────────────────────────────────────────────────────────────────────────────────────────────────────────────────────────────────────────────────────────────────────────┘"
"┌ tabs ────────────────────────────────────────────────────────────────────────────────────────────────────────────────────────────────────────────────────────────────────────────────────────────────┐"
"│ Overview │ Activity │ Conversations │ Merges │ Decisions │ Costs │ Daemon                                                                                                                            │"
"└──────────────────────────────────────────────────────────────────────────────────────────────────────────────────────────────────────────────────────────────────────────────────────────────────────┘"
"┌ activity · 3 rows · 0 noisy hidden · all sessions · all severities ──────────────────────────────────────────────────────────────────────────────────────────────────────────────────────────────────┐"
"│Time     Session            Type       Status   Summary                                                                                                                                               │"
"│03:06:00 dashboard-rust     decision   ok       allowed cargo test in dashboard crate                                                                                                                 │"
"│03:05:30 VST-101            question   warn     ! cleanup prompt needs operator policy                                                                                                                │"
"│03:05:00 VST-101            session    ok       session started for VST-101                                                                                                                           │"
"│                                                                                                                                                                                                      │"
"│                                                                                                                                                                                                      │"
"│                                                                                                                                                                                                      │"
"│                                                                                                                                                                                                      │"
"│                                                                                                                                                                                                      │"
"│                                                                                                                                                                                                      │"
"│                                                                                                                                                                                                      │"
"│                                                                                                                                                                                                      │"
"│                                 ┌ Activity filters ───────────────────────────────────────────────────────────────────────────────────────────────────────────[ ✕ ]┐                                 │"
"│                                 │ Space toggles type, severity, or session; n toggles noisy/debug; c clears                                                        │                                 │"
"│                                 │ ☑    agent              type chip                                                                                                │                                 │"
"│                                 │ ☑    bg                 type chip                                                                                                │                                 │"
"│                                 │ ☑    question           type chip                                                                                                │                                 │"
"│                                 │ ☑    decision           type chip                                                                                                │                                 │"
"│                                 │ ☑    pr                 type chip                                                                                                │                                 │"
"│                                 │ ☑    issue              type chip                                                                                                │                                 │"
"│                                 │ ☑    linear             type chip                                                                                                │                                 │"
"│                                 │ ☑    daemon             type chip                                                                                                │                                 │"
"│                                 │ ☑    session            type chip                                                                                                │                                 │"
"│                                 │ ◇    all severities     severity selector                                                                                        │                                 │"
"│                                 │ ◇    all sessions       session selector                                                                                         │                                 │"
"│                                 │                                                                                                                                  │                                 │"
"│                                 │                                                                                                                                  │                                 │"
"│                                 │                                                                                                                                  │                                 │"
"│                                 │                                                                                                                                  │                                 │"
"│                                 │                                                                                                                                  │                                 │"
"│                                 │                                                                                                                                  │                                 │"
"│                                 │                                                                                                                                  │                                 │"
"│                                 │                                            ↑/↓ select   Space toggle   Enter/Esc close                                           │                                 │"
"│                                 └──────────────────────────────────────────────────────────────────────────────────────────────────────────────────────────────────┘                                 │"
"│                                                                                                                                                                                                      │"
"│                                                                                                                                                                                                      │"
"│                                                                                                                                                                                                      │"
"│                                                                                                                                                                                                      │"
"│                                                                                                                                                                                                      │"
"│                                                                                                                                                                                                      │"
"│                                                                                                                                                                                                      │"
"│                                                                                                                                                                                                      │"
"│                                                                                                                                                                                                      │"
"│                                                                                                                                                                                                      │"
"│                                                                                                                                                                                                      │"
"│                                                                                                                                                                                                      │"
"│                                                                                                                                                                                                      │"
"│                                                                                                                                                                                                      │"
"│                                                                                                                                                                                                      │"
"│                                                                                                                                                                                                      │"
"└──────────────────────────────────────────────────────────────────────────────────────────────────────────────────────────────────────────────────────────────────────────────────────────────────────┘"
" ↹ tabs   j/k or ↑/↓ select   ⏎ detail   H history   f filters   n noise   s session   d decisions   e export   ? help   q quit                                            noise: hidden  ·  filter: off"
"                                                                                                                                                                                                        "
