---
source: tests/snapshot_overview.rs
expression: rendered
---
"┌ Flightdeck ──────────────────────────────────────────────────────────────────────────────────────────────────────────────────────────────────────────────────────────────────────────────────────────────────────────────┐"
"│ Flightdeck   session demo-branched  ·  Supervisor pi at /repo/demo  ·  state: live file  ·  uptime 2h25m  ·  Adhoc 1 · Issues 1 · Tasks 1  ·  4m old  $0.00 · 0 turns · in 0 / out 0                              moon ▾ │"
"└──────────────────────────────────────────────────────────────────────────────────────────────────────────────────────────────────────────────────────────────────────────────────────────────────────────────────────────┘"
"┌ tabs ────────────────────────────────────────────────────────────────────────────────────────────────────────────────────────────────────────────────────────────────────────────────────────────────────────────────────┐"
"│ Overview │ Activity │ Conversations │ Merges │ Decisions │ Costs │ Daemon                                                                                                                                                │"
"└──────────────────────────────────────────────────────────────────────────────────────────────────────────────────────────────────────────────────────────────────────────────────────────────────────────────────────────┘"
"┌ summary ─────────────────┐┌ tracked work (3 items) ──────────────────────────────────────────────────────────────────────────────────────────────────────────────────────────┐┌ selected work ───────────────────────────┐"
"│Status                    ││Type    State            Harness    Title            Cost           PR / path                  Age      Decision                      Activity    ││Issue with branch + PR                    │"
"│▸ Needs input        1    ││Issue   Needs input      opencode   Issue with branc —              feature/vst-201 · PR #88   1h35m    —                             4m          ││VST-201  ·  Issue  ·  Needs input         │"
"│Submitting         1      ││Task    Submitting       codex      Workflow rebuild —              —                          58m      —                             4m          ││                                          │"
"│Running            1      ││Adhoc   Running          pi         Triage sweep + b —              …ch feature/triage-spike   2h10m    —                             4m          ││Where                                     │"
"│                          ││                                                                                                                                                  ││tmux tab Issue with branch + PR           │"
"│Merge queue               ││                                                                                                                                                  ││worktree                                  │"
"│1. VST-201  Needs input   ││                                                                                                                                                  ││/repo/worktrees/vst-201                   │"
"│                          ││                                                                                                                                                  ││cwd     /repo/worktrees/vst-201           │"
"│Conflicts                 ││                                                                                                                                                  ││branch  feature/vst-201                   │"
"│no edges                  ││                                                                                                                                                  ││                                          │"
"│                          ││                                                                                                                                                  ││Issue                                     │"
"│                          ││                                                                                                                                                  ││id      VST-201                           │"
"│                          ││                                                                                                                                                  ││PR #88                                    │"
"│                          ││                                                                                                                                                  ││scope declared=4 actual=4                 │"
"│                          ││                                                                                                                                                  ││                                          │"
"│                          ││                                                                                                                                                  ││Cost                                      │"
"│                          ││                                                                                                                                                  ││cost      — (no source)                   │"
"│                          ││                                                                                                                                                  ││                                          │"
"│                          ││                                                                                                                                                  ││Recent activity                           │"
"│                          ││                                                                                                                                                  ││no activity events yet                    │"
"│                          ││                                                                                                                                                  ││                                          │"
"│                          ││                                                                                                                                                  ││Recent decisions                          │"
"│                          ││                                                                                                                                                  ││no decisions yet                          │"
"│                          ││                                                                                                                                                  ││                                          │"
"│                          ││                                                                                                                                                  ││Actions                                   │"
"│                          ││                                                                                                                                                  ││[ Focus tmux tab ]                        │"
"│                          ││                                                                                                                                                  ││                                          │"
"│                          ││                                                                                                                                                  ││                                          │"
"│                          ││                                                                                                                                                  ││                                          │"
"│                          ││                                                                                                                                                  ││                                          │"
"│                          ││                                                                                                                                                  ││                                          │"
"│                          ││                                                                                                                                                  ││                                          │"
"│                          ││                                                                                                                                                  ││                                          │"
"│                          ││                                                                                                                                                  ││                                          │"
"│                          ││                                                                                                                                                  ││                                          │"
"│                          ││                                                                                                                                                  ││                                          │"
"│                          ││                                                                                                                                                  ││                                          │"
"│                          ││                                                                                                                                                  ││                                          │"
"│                          ││                                                                                                                                                  ││                                          │"
"│                          ││                                                                                                                                                  ││                                          │"
"│                          ││                                                                                                                                                  ││                                          │"
"│                          ││                                                                                                                                                  ││                                          │"
"│                          ││                                                                                                                                                  ││                                          │"
"│                          ││                                                                                                                                                  ││                                          │"
"│                          ││                                                                                                                                                  ││                                          │"
"│                          ││                                                                                                                                                  ││                                          │"
"│                          ││                                                                                                                                                  ││                                          │"
"│                          ││                                                                                                                                                  ││                                          │"
"│                          ││                                                                                                                                                  ││                                          │"
"│                          ││                                                                                                                                                  ││                                          │"
"└──────────────────────────┘└──────────────────────────────────────────────────────────────────────────────────────────────────────────────────────────────────────────────────┘└──────────────────────────────────────────┘"
" ↹ tabs   j/k or ↑/↓ select   ⏎ detail   H history   f filters   n noise   s session   d decisions   e export   ? help   q quit                                                                noise: hidden  ·  filter: off"
"                                                                                                                                                                                                                            "
