---
source: tests/snapshot_overview.rs
expression: "render_fixture(\"terminated\")"
---
"┌ Flightdeck ──────────────────────────────────────────────────────────────────────────────────────────────────────────────────────────────────────────────────────────────────────────────────────────┐"
"│ Flightdeck   session demo-terminated  ·  Master codex at /repo/demo  ·  daemon: file-mode  ·  uptime 4h10m  ·  Adhoc 1 · Issue 0 · Workflow 0  ✔ session complete  $0.00 · 0t                 moon ▾ │"
"└──────────────────────────────────────────────────────────────────────────────────────────────────────────────────────────────────────────────────────────────────────────────────────────────────────┘"
"┌ tabs ────────────────────────────────────────────────────────────────────────────────────────────────────────────────────────────────────────────────────────────────────────────────────────────────┐"
"│ Overview │ Activity │ Conversations │ Decisions │ Costs │ Daemon                                                                                                                                     │"
"└──────────────────────────────────────────────────────────────────────────────────────────────────────────────────────────────────────────────────────────────────────────────────────────────────────┘"
"┌ left rail ───────────────┐┌ sessions (1 tracked) ────────────────────────────────────────────────────────────────────────────────────────────────────────┐┌ detail ──────────────────────────────────┐"
"│Status                    ││Kind    State            Harness    Title          Cost           PR / path      Age      Decision                Activity    ││Summarize completed run                   │"
"│▸ Completed          1    ││AH      Completed        claude     Summarize com… —              —              40m      terminal-state-reached  3m          ││adhoc-summary  ·  Adhoc  ·  Completed     │"
"│                          ││                                                                                                                              ││                                          │"
"│Merge queue               ││                                                                                                                              ││Where                                     │"
"│empty                     ││                                                                                                                              ││pane    %31                               │"
"│                          ││                                                                                                                              ││cwd     /repo/demo                        │"
"│Conflicts                 ││                                                                                                                              ││                                          │"
"│no edges                  ││                                                                                                                              ││Cost                                      │"
"│                          ││                                                                                                                              ││cost      — (no source)                   │"
"│                          ││                                                                                                                              ││                                          │"
"│                          ││                                                                                                                              ││Recent activity                           │"
"│                          ││                                                                                                                              ││no activity events yet                    │"
"│                          ││                                                                                                                              ││                                          │"
"│                          ││                                                                                                                              ││Recent decisions                          │"
"│                          ││                                                                                                                              ││• terminal-state-reached → complete       │"
"│                          ││                                                                                                                              ││                                          │"
"│                          ││                                                                                                                              ││Actions                                   │"
"│                          ││                                                                                                                              ││[ Focus tmux window ]                     │"
"│                          ││                                                                                                                              ││                                          │"
"│                          ││                                                                                                                              ││                                          │"
"│                          ││                                                                                                                              ││                                          │"
"│                          ││                                                                                                                              ││                                          │"
"│                          ││                                                                                                                              ││                                          │"
"│                          ││                                                                                                                              ││                                          │"
"│                          ││                                                                                                                              ││                                          │"
"│                          ││                                                                                                                              ││                                          │"
"│                          ││                                                                                                                              ││                                          │"
"│                          ││                                                                                                                              ││                                          │"
"│                          ││                                                                                                                              ││                                          │"
"│                          ││                                                                                                                              ││                                          │"
"│                          ││                                                                                                                              ││                                          │"
"│                          ││                                                                                                                              ││                                          │"
"│                          ││                                                                                                                              ││                                          │"
"│                          ││                                                                                                                              ││                                          │"
"│                          ││                                                                                                                              ││                                          │"
"│                          ││                                                                                                                              ││                                          │"
"│                          ││                                                                                                                              ││                                          │"
"│                          ││                                                                                                                              ││                                          │"
"│                          ││                                                                                                                              ││                                          │"
"│                          ││                                                                                                                              ││                                          │"
"│                          ││                                                                                                                              ││                                          │"
"│                          ││                                                                                                                              ││                                          │"
"│                          ││                                                                                                                              ││                                          │"
"│                          ││                                                                                                                              ││                                          │"
"│                          ││                                                                                                                              ││                                          │"
"│                          ││                                                                                                                              ││                                          │"
"│                          ││                                                                                                                              ││                                          │"
"│                          ││                                                                                                                              ││                                          │"
"│                          ││                                                                                                                              ││                                          │"
"│                          ││                                                                                                                              ││                                          │"
"└──────────────────────────┘└──────────────────────────────────────────────────────────────────────────────────────────────────────────────────────────────┘└──────────────────────────────────────────┘"
" ↹ tabs   j/k or ↑/↓ select   ⏎ detail   f filters   n noise   s session   d decisions   e export   ? help   q quit                                                        noise: hidden  ·  filter: off"
"                                                                                                                                                                                                        "
