---
source: tests/snapshot_popups.rs
expression: "common::render_model(&model)"
---
"┌ Flightdeck ──────────────────────────────────────────────────────────────────────────────────────────────────────────────────────────────────────────────────────────────────────────────────────────┐"
"│ Flightdeck   session demo-mixed  ·  Master pi at /repo/demo  ·  daemon: file-mode  ·  uptime 2h25m  ·  Adhoc 1 · Issue 1 · Workflow 1  ·  4m old  $0.00 · 0 turns · in 0 / out 0              moon ▾ │"
"└──────────────────────────────────────────────────────────────────────────────────────────────────────────────────────────────────────────────────────────────────────────────────────────────────────┘"
"┌ tabs ────────────────────────────────────────────────────────────────────────────────────────────────────────────────────────────────────────────────────────────────────────────────────────────────┐"
"│ Overview │ Activity │ Conversations │ Merges │ Decisions │ Costs │ Daemon                                                                                                                            │"
"└──────────────────────────────────────────────────────────────────────────────────────────────────────────────────────────────────────────────────────────────────────────────────────────────────────┘"
"┌ left rail ───────────────┐┌ sessions (3 tracked) ────────────────────────────────────────────────────────────────────────────────────────────────────────┐┌ detail ──────────────────────────────────┐"
"│Status                    ││Kind    State            Harness    Title          Cost           PR / path      Age      Decision                Activity    ││Fix dashboard state reader                │"
"│▸ Needs input        1    ││ISS     Needs input      opencode   Fix dashboard… —              …#44 · vst-101 1h35m    cleanup-prompt          4m          ││VST-101  ·  Issue  ·  Needs input         │"
"│Submitting         1      ││WF      Submitting       codex      Build Rust da… —              —              58m      bash-permission-prompt  4m          ││substate: cleanup prompt                  │"
"│Running            1      ││AH      Running          pi         Watch daemon … —              —              2h10m    —                       4m          ││                                          │"
"│                          ││                                                                                                                              ││Where                                     │"
"│Merge queue               ││                                                                                                                              ││pane    %41                               │"
"│1. VST-101  Needs input   ││                                                                                                                              ││worktree                                  │"
"│2. VST-102  queued        ││                                                                                                                              ││/repo/worktrees/vst-101                   │"
"│                          ││                                                                                                                              ││cwd     /repo/worktrees/vst-101           │"
"│Conflicts                 ││                                                                                                                              ││                                          │"
"│• VST-101 ↔ VST-102       ││                                                                                                                              ││Issue                                     │"
"│                          ││                                                                                                                              ││PR #44                                    │"
"│                          ││                                                                                                                              ││scope declared=5 actual=7 (1.4x bigger    │"
"│                          ││                                                                                                                              ││than declared)                            │"
"│                          ││                                                                                                                              ││                                          │"
"│                          ││             ┌ Prune stale entry? ─────────────────────────────────────────────────────────────────────────────────────────[ ✕ ]┐ost                                      │"
"│                          ││             │ VST-101 · Fix dashboard state reader                                                                             │ost      — (no source)                   │"
"│                          ││             │                                                                                                                  │                                         │"
"│                          ││             │ pane %41 is no longer in tmux. The registry entry will be removed.                                               │ecent decisions                          │"
"│                          ││             │                                                                                                                  │ cleanup-prompt → NO — sibling worktree  │"
"│                          ││             │ This does NOT delete the worktree, branch, or PR.                                                                │till live                                │"
"│                          ││             │                                                                                                                  │                                         │"
"│                          ││             │                                                                                                                  │ctions                                   │"
"│                          ││             │                                                                                                                  │ Focus tmux window ]                     │"
"│                          ││             │                                                                                                                  │                                         │"
"│                          ││             │ ┌────────────────┐    ┌────────────────┐                                                                         │                                         │"
"│                          ││             │ │    [ Prune ]   │    │   [ Cancel ]   │                                                                         │                                         │"
"│                          ││             │ └────────────────┘    └────────────────┘                                                                         │                                         │"
"│                          ││             │                                            Enter confirm   Esc cancel                                            │                                         │"
"│                          ││             └──────────────────────────────────────────────────────────────────────────────────────────────────────────────────┘                                         │"
"│                          ││                                                                                                                              ││                                          │"
"│                          ││                                                                                                                              ││                                          │"
"│                          ││                                                                                                                              ││                                          │"
"│                          ││                                                                                                                              ││                                          │"
"│                          ││                                                                                                                              ││                                          │"
"│                          ││                                                                                                                              ││                                          │"
"│                          ││                                                                                                                              ││                                          │"
"│                          ││                                                                                                                              ││                                          │"
"│                          ││                                                                                                                              ││                                          │"
"│                          ││                                                                                                                              ││                                          │"
"│                          ││                                                                                                                              ││                                          │"
"│                          ││                                                                                                                              ││                                          │"
"│                          ││                                                                                                                              ││                                          │"
"│                          ││                                                                                                                              ││                                          │"
"│                          ││                                                                                                                              ││                                          │"
"│                          ││                                                                                                                              ││                                          │"
"│                          ││                                                                                                                              ││                                          │"
"│                          ││                                                                                                                              ││                                          │"
"│                          ││                                                                                                                              ││                                          │"
"│                          ││                                                                                                                              ││                                          │"
"└──────────────────────────┘└──────────────────────────────────────────────────────────────────────────────────────────────────────────────────────────────┘└──────────────────────────────────────────┘"
" ↹ tabs   j/k or ↑/↓ select   ⏎ detail   f filters   n noise   s session   d decisions   e export   ? help   q quit                                                        noise: hidden  ·  filter: off"
"                                                                                                                                                                                                        "
