---
source: tests/snapshot_overview.rs
expression: paused_render
---
"┌ Flightdeck ──────────────────────────────────────────────────────────────────────────────────────────────────────────────────────────────────────────────────────────────────────────────────────────┐"
"│ Flightdeck   session demo-mixed  ·  Master pi at /repo/demo  ·  daemon: file-mode  ·  uptime 2h25m  ·  Adhoc 1 · Issue 1 · Workflow 1  ·  4m old  $0.00 · 0 turns · in 0 / out 0              moon ▾ │"
"└──────────────────────────────────────────────────────────────────────────────────────────────────────────────────────────────────────────────────────────────────────────────────────────────────────┘"
" PAUSED FOR USER · VST-101 · scope_creep_detected · scope_files_actual=23 > 2x declared=8                                                                                                               "
"┌ tabs ────────────────────────────────────────────────────────────────────────────────────────────────────────────────────────────────────────────────────────────────────────────────────────────────┐"
"│ Overview │ Activity │ Conversations │ Merges │ Decisions │ Costs │ Daemon                                                                                                                            │"
"└──────────────────────────────────────────────────────────────────────────────────────────────────────────────────────────────────────────────────────────────────────────────────────────────────────┘"
"┌ left rail ───────────────┐┌ sessions (3 tracked) ────────────────────────────────────────────────────────────────────────────────────────────────────────┐┌ detail ──────────────────────────────────┐"
"│Status                    ││Kind    State            Harness    Title          Cost           PR / path      Age      Decision                Activity    ││Fix dashboard state reader                │"
"│▸ Needs input        1    ││ISS     Needs input      opencode   Fix dashboard… —              …#44 · vst-101 1h35m    cleanup-prompt          4m          ││VST-101  ·  Issue  ·  Needs input         │"
"│Submitting         1      ││WF      Submitting       codex      Build Rust da… —              —              58m      bash-permission-prompt  4m          ││substate: cleanup prompt                  │"
"│Running            1      ││AH      Running          pi         Watch daemon … —              —              2h10m    —                       4m          ││                                          │"
"│                          ││                                                                                                                              ││Where                                     │"
"│Merge queue               ││                                                                                                                              ││pane    %41                               │"
"│1. VST-101  Needs input   ││                                                                                                                              ││worktree                                  │"
"│2. VST-102  queued        ││                                                                                                                              ││/repo/worktrees/vst-101                   │"
"│                          ││                                                                                                                              ││cwd     /repo/worktrees/vst-101           │"
"│Conflicts                 ││                                                                                                                              ││                                          │"
"│• VST-101 ↔ VST-102       ││                                                                                                                              ││Issue                                     │"
"│                          ││                                                                                                                              ││PR #44                                    │"
"│                          ││                                                                                                                              ││scope declared=5 actual=7 (1.4x bigger    │"
"│                          ││                                                                                                                              ││than declared)                            │"
"│                          ││                                                                                                                              ││                                          │"
"│                          ││                                                                                                                              ││Paused                                    │"
"│                          ││                                                                                                                              ││reason: scope_creep_detected              │"
"│                          ││                                                                                                                              ││prompt: scope_files_actual=23 > 2x        │"
"│                          ││                                                                                                                              ││declared=8                                │"
"│                          ││                                                                                                                              ││                                          │"
"│                          ││                                                                                                                              ││Cost                                      │"
"│                          ││                                                                                                                              ││cost      — (no source)                   │"
"│                          ││                                                                                                                              ││                                          │"
"│                          ││                                                                                                                              ││Recent decisions                          │"
"│                          ││                                                                                                                              ││• cleanup-prompt → NO — sibling worktree  │"
"│                          ││                                                                                                                              ││still live                                │"
"│                          ││                                                                                                                              ││                                          │"
"│                          ││                                                                                                                              ││Actions                                   │"
"│                          ││                                                                                                                              ││[ Focus tmux window ]                     │"
"│                          ││                                                                                                                              ││                                          │"
"│                          ││                                                                                                                              ││                                          │"
"│                          ││                                                                                                                              ││                                          │"
"│                          ││                                                                                                                              ││                                          │"
"│                          ││                                                                                                                              ││                                          │"
"│                          ││                                                                                                                              ││                                          │"
"│                          ││                                                                                                                              ││                                          │"
"│                          ││                                                                                                                              ││                                          │"
"│                          ││                                                                                                                              ││                                          │"
"│                          ││                                                                                                                              ││                                          │"
"│                          ││                                                                                                                              ││                                          │"
"│                          ││                                                                                                                              ││                                          │"
"│                          ││                                                                                                                              ││                                          │"
"│                          ││                                                                                                                              ││                                          │"
"│                          ││                                                                                                                              ││                                          │"
"│                          ││                                                                                                                              ││                                          │"
"│                          ││                                                                                                                              ││                                          │"
"│                          ││                                                                                                                              ││                                          │"
"│                          ││                                                                                                                              ││                                          │"
"│                          ││                                                                                                                              ││                                          │"
"└──────────────────────────┘└──────────────────────────────────────────────────────────────────────────────────────────────────────────────────────────────┘└──────────────────────────────────────────┘"
" ↹ tabs   j/k or ↑/↓ select   ⏎ detail   f filters   n noise   s session   d decisions   e export   ? help   q quit                                                        noise: hidden  ·  filter: off"
"                                                                                                                                                                                                        "
