---
source: tests/snapshot_overview.rs
expression: render_with_theme_summary(&model)
---
theme=moon (Rose Pine Moon)
outer=Style::new().fg(Color::Rgb(224, 222, 244)).bg(Color::Rgb(35, 33, 54))
panel=Style::new().fg(Color::Rgb(224, 222, 244)).bg(Color::Rgb(42, 39, 63))
title=Style::new().fg(Color::Rgb(196, 167, 231)).bg(Color::Rgb(42, 39, 63)).bold()
selection=Style::new().fg(Color::Rgb(224, 222, 244)).bg(Color::Rgb(68, 65, 90)).bold()
warning=Style::new().fg(Color::Rgb(246, 193, 119)).bg(Color::Rgb(42, 39, 63)).bold()
"┌ Flightdeck ──────────────────────────────────────────────────────────────────────────────────────────────────────────────────────────────────────────────────────────────────────────────────────────┐"
"│ Flightdeck   session demo-mixed  ·  Supervisor pi at /repo/demo  ·  state: live file  ·  uptime 2h25m  ·  Adhoc 1 · Issues 1 · Tasks 1  ·  4m old  $0.00 · 0 turns · in 0 / out 0             moon ▾ │"
"└──────────────────────────────────────────────────────────────────────────────────────────────────────────────────────────────────────────────────────────────────────────────────────────────────────┘"
"┌ tabs ────────────────────────────────────────────────────────────────────────────────────────────────────────────────────────────────────────────────────────────────────────────────────────────────┐"
"│ Overview │ Activity │ Conversations │ Merges │ Decisions │ Costs │ Daemon                                                                                                                            │"
"└──────────────────────────────────────────────────────────────────────────────────────────────────────────────────────────────────────────────────────────────────────────────────────────────────────┘"
"┌ summary ─────────────────┐┌ tracked work (3 items) ──────────────────────────────────────────────────────────────────────────────────────────────────────┐┌ selected work ───────────────────────────┐"
"│Status                    ││Type    State            Harness    Title          Cost           PR / path      Age      Decision                Activity    ││Fix dashboard state reader                │"
"│▸ Needs input        1    ││Issue   Needs input      opencode   Fix dashboard… —              …#44 · vst-101 1h35m    cleanup-prompt          4m          ││VST-101  ·  Issue  ·  Needs input         │"
"│Submitting         1      ││Task    Submitting       codex      Build Rust da… —              —              58m      bash-permission-prompt  4m          ││substate: cleanup prompt                  │"
"│Running            1      ││Adhoc   Running          pi         Watch daemon … —              —              2h10m    —                       4m          ││                                          │"
"│                          ││                                                                                                                              ││Where                                     │"
"│Merge queue               ││                                                                                                                              ││tmux tab Fix dashboard state reader       │"
"│1. VST-101  Needs input   ││                                                                                                                              ││worktree                                  │"
"│2. VST-102  queued        ││                                                                                                                              ││/repo/worktrees/vst-101                   │"
"│                          ││                                                                                                                              ││cwd     /repo/worktrees/vst-101           │"
"│Conflicts                 ││                                                                                                                              ││                                          │"
"│• VST-101 ↔ VST-102       ││                                                                                                                              ││Issue                                     │"
"│                          ││                                                                                                                              ││id      VST-101                           │"
"│                          ││                                                                                                                              ││PR #44                                    │"
"│                          ││                                                                                                                              ││scope declared=5 actual=7 (1.4x bigger    │"
"│                          ││                                                                                                                              ││than declared)                            │"
"│                          ││                                                                                                                              ││                                          │"
"│                          ││                                                                                                                              ││Cost                                      │"
"│                          ││                                                                                                                              ││cost      — (no source)                   │"
"│                          ││                                                                                                                              ││                                          │"
"│                          ││                                                                                                                              ││Recent activity                           │"
"│                          ││                                                                                                                              ││4m     question cleanup prompt needs      │"
"│                          ││                                                                                                                              ││operator policy                           │"
"│                          ││                                                                                                                              ││5m     session  session started for       │"
"│                          ││                                                                                                                              ││VST-101                                   │"
"│                          ││                                                                                                                              ││                                          │"
"│                          ││                                                                                                                              ││Recent decisions                          │"
"│                          ││                                                                                                                              ││• cleanup-prompt → NO — sibling worktree  │"
"│                          ││                                                                                                                              ││still live                                │"
"│                          ││                                                                                                                              ││                                          │"
"│                          ││                                                                                                                              ││Actions                                   │"
"│                          ││                                                                                                                              ││[ Focus tmux tab ]                        │"
"│                          ││                                                                                                                              ││                                          │"
"│                          ││                                                                                                                              ││                                          │"
"│                          ││                                                                                                                              ││                                          │"
"│                          ││                                                                                                                              ││                                          │"
"│                          ││                                                                                                                              ││                                          │"
"│                          ││                                                                                                                              ││                                          │"
"│                          ││                                                                                                                              ││                                          │"
"│                          ││                                                                                                                              ││                                          │"
"│                          ││                                                                                                                              ││                                          │"
"│                          ││                                                                                                                              ││                                          │"
"│                          ││                                                                                                                              ││                                          │"
"│                          ││                                                                                                                              ││                                          │"
"│                          ││                                                                                                                              ││                                          │"
"│                          ││                                                                                                                              ││                                          │"
"│                          ││                                                                                                                              ││                                          │"
"│                          ││                                                                                                                              ││                                          │"
"│                          ││                                                                                                                              ││                                          │"
"│                          ││                                                                                                                              ││                                          │"
"│                          ││                                                                                                                              ││                                          │"
"└──────────────────────────┘└──────────────────────────────────────────────────────────────────────────────────────────────────────────────────────────────┘└──────────────────────────────────────────┘"
" ↹ tabs   j/k or ↑/↓ select   ⏎ detail   H history   f filters   n noise   s session   d decisions   e export   ? help   q quit                                            noise: hidden  ·  filter: off"
"                                                                                                                                                                                                        "
