---
source: tests/snapshot_overview.rs
expression: rendered
---
"┌ Flightdeck ──────────────────────────────────────────────────────────────────────────────────────────────────────────────────────────────┐"
"│ Flightdeck   session demo-mixed  ·  Supervisor pi  ·  state: live file  ·  uptime 2h25m  ·  Adhoc 1 · Issues 1 · Tasks 1          moon ▾ │"
"└──────────────────────────────────────────────────────────────────────────────────────────────────────────────────────────────────────────┘"
"┌ tabs ────────────────────────────────────────────────────────────────────────────────────────────────────────────────────────────────────┐"
"│ Overview │ Activity │ Conversations │ Merges │ Decisions │ Costs │ Daemon                                                                │"
"└──────────────────────────────────────────────────────────────────────────────────────────────────────────────────────────────────────────┘"
"┌ summary ─────────────────┐┌ tracked work (3 items) ──────────────────────────────────────────┐┌ selected work ───────────────────────────┐"
"│Status                    ││Type    State      Harness     Cost         Age       Activity    ││Fix dashboard state reader                │"
"│▸ Needs input        1    ││Issue   Needs inp… opencode    —            1h35m     4m          ││VST-101  ·  Issue  ·  Needs input         │"
"│Submitting         1      ││Task    Submitting codex       —            58m       4m          ││substate: cleanup prompt                  │"
"│Running            1      ││Adhoc   Running    pi          —            2h10m     4m          ││                                          │"
"│                          ││                                                                  ││Where                                     │"
"│Merge queue               ││                                                                  ││tmux tab Fix dashboard state reader       │"
"│1. VST-101  Needs input   ││                                                                  ││worktree                                  │"
"│2. VST-102  queued        ││                                                                  ││/repo/worktrees/vst-101                   │"
"│                          ││                                                                  ││cwd     /repo/worktrees/vst-101           │"
"│Conflicts                 ││                                                                  ││                                          │"
"│• VST-101 ↔ VST-102       ││                                                                  ││Issue                                     │"
"│                          ││                                                                  ││id      VST-101                           │"
"│                          ││                                                                  ││PR #44                                    │"
"│                          ││                                                                  ││scope declared=5 actual=7 (1.4x bigger    │"
"│                          ││                                                                  ││than declared)                            │"
"│                          ││                                                                  ││                                          │"
"│                          ││                                                                  ││Cost                                      │"
"│                          ││                                                                  ││cost      — (no source)                   │"
"│                          ││                                                                  ││                                          │"
"│                          ││                                                                  ││Recent activity                           │"
"│                          ││                                                                  ││4m     question cleanup prompt needs      │"
"│                          ││                                                                  ││operator policy                           │"
"│                          ││                                                                  ││5m     session  session started for       │"
"│                          ││                                                                  ││VST-101                                   │"
"│                          ││                                                                  ││                                          │"
"│                          ││                                                                  ││Recent decisions                          │"
"│                          ││                                                                  ││• cleanup-prompt → NO — sibling worktree  │"
"│                          ││                                                                  ││still live                                │"
"│                          ││                                                                  ││                                          │"
"│                          ││                                                                  ││Actions                                   │"
"│                          ││                                                                  ││[ Focus tmux tab ]                        │"
"│                          ││                                                                  ││                                          │"
"│                          ││                                                                  ││                                          │"
"│                          ││                                                                  ││                                          │"
"│                          ││                                                                  ││                                          │"
"│                          ││                                                                  ││                                          │"
"│                          ││                                                                  ││                                          │"
"│                          ││                                                                  ││                                          │"
"│                          ││                                                                  ││                                          │"
"│                          ││                                                                  ││                                          │"
"│                          ││                                                                  ││                                          │"
"│                          ││                                                                  ││                                          │"
"│                          ││                                                                  ││                                          │"
"│                          ││                                                                  ││                                          │"
"│                          ││                                                                  ││                                          │"
"│                          ││                                                                  ││                                          │"
"│                          ││                                                                  ││                                          │"
"│                          ││                                                                  ││                                          │"
"│                          ││                                                                  ││                                          │"
"│                          ││                                                                  ││                                          │"
"└──────────────────────────┘└──────────────────────────────────────────────────────────────────┘└──────────────────────────────────────────┘"
" ↹ tabs   j/k or ↑/↓ select   ⏎ detail   H history   f filters   n noise   s session   d decisions   e export   ? help   q quit noise: hidde"
"                                                                                                                                            "
