---
source: tests/snapshot_overview.rs
expression: rendered
---
"┌ Flightdeck ──────────────────────────────────────────────────────────────────────────────────────────────────────────────────────────────────────────────────────────────────────────────────────────┐"
"│ Flightdeck   session demo-branched  ·  Master pi at /repo/demo  ·  daemon: file-mode  ·  uptime 2h25m  ·  Adhoc 1 · Issue 1 · Workflow 1  ·  4m old  $0.00 · 0 turns · in 0 / out 0           moon ▾ │"
"└──────────────────────────────────────────────────────────────────────────────────────────────────────────────────────────────────────────────────────────────────────────────────────────────────────┘"
"┌ tabs ────────────────────────────────────────────────────────────────────────────────────────────────────────────────────────────────────────────────────────────────────────────────────────────────┐"
"│ Overview │ Activity │ Conversations │ Merges │ Decisions │ Costs │ Daemon                                                                                                                            │"
"└──────────────────────────────────────────────────────────────────────────────────────────────────────────────────────────────────────────────────────────────────────────────────────────────────────┘"
"┌ left rail ───────────────┐┌ sessions (3 tracked) ────────────────────────────────────────────────────────────────────────────────────────────────────────┐┌ detail ──────────────────────────────────┐"
"│Status                    ││Kind    State            Harness    Title          Cost           PR / path      Age      Decision                Activity    ││Workflow rebuild on main                  │"
"│▸ Needs input        1    ││ISS     Needs input      opencode   Issue with br… —              …-201 · PR #88 1h35m    —                       4m          ││workflow-build  ·  Workflow  ·  Submitting│"
"│Submitting         1      ││WF      Submitting       codex      Workflow rebu… —              —              58m      —                       4m          ││                                          │"
"│Running            1      ││AH      Running          pi         Triage sweep … —              …/triage-spike 2h10m    —                       4m          ││Where                                     │"
"│                          ││                                                                                                                              ││pane    %51                               │"
"│Merge queue               ││                                                                                                                              ││cwd     /repo/demo                        │"
"│1. VST-201  Needs input   ││                                                                                                                              ││branch  main                              │"
"│                          ││                                                                                                                              ││                                          │"
"│Conflicts                 ││                                                                                                                              ││Cost                                      │"
"│no edges                  ││                                                                                                                              ││cost      — (no source)                   │"
"│                          ││                                                                                                                              ││                                          │"
"│                          ││                                                                                                                              ││Recent activity                           │"
"│                          ││                                                                                                                              ││no activity events yet                    │"
"│                          ││                                                                                                                              ││                                          │"
"│                          ││                                                                                                                              ││Recent decisions                          │"
"│                          ││                                                                                                                              ││no decisions yet                          │"
"│                          ││                                                                                                                              ││                                          │"
"│                          ││                                                                                                                              ││Actions                                   │"
"│                          ││                                                                                                                              ││[ Focus tmux window ]                     │"
"│                          ││                                                                                                                              ││                                          │"
"│                          ││                                                                                                                              ││                                          │"
"│                          ││                                                                                                                              ││                                          │"
"│                          ││                                                                                                                              ││                                          │"
"│                          ││                                                                                                                              ││                                          │"
"│                          ││                                                                                                                              ││                                          │"
"│                          ││                                                                                                                              ││                                          │"
"│                          ││                                                                                                                              ││                                          │"
"│                          ││                                                                                                                              ││                                          │"
"│                          ││                                                                                                                              ││                                          │"
"│                          ││                                                                                                                              ││                                          │"
"│                          ││                                                                                                                              ││                                          │"
"│                          ││                                                                                                                              ││                                          │"
"│                          ││                                                                                                                              ││                                          │"
"│                          ││                                                                                                                              ││                                          │"
"│                          ││                                                                                                                              ││                                          │"
"│                          ││                                                                                                                              ││                                          │"
"│                          ││                                                                                                                              ││                                          │"
"│                          ││                                                                                                                              ││                                          │"
"│                          ││                                                                                                                              ││                                          │"
"│                          ││                                                                                                                              ││                                          │"
"│                          ││                                                                                                                              ││                                          │"
"│                          ││                                                                                                                              ││                                          │"
"│                          ││                                                                                                                              ││                                          │"
"│                          ││                                                                                                                              ││                                          │"
"│                          ││                                                                                                                              ││                                          │"
"│                          ││                                                                                                                              ││                                          │"
"│                          ││                                                                                                                              ││                                          │"
"│                          ││                                                                                                                              ││                                          │"
"│                          ││                                                                                                                              ││                                          │"
"│                          ││                                                                                                                              ││                                          │"
"└──────────────────────────┘└──────────────────────────────────────────────────────────────────────────────────────────────────────────────────────────────┘└──────────────────────────────────────────┘"
" ↹ tabs   j/k or ↑/↓ select   ⏎ detail   f filters   n noise   s session   d decisions   e export   ? help   q quit                                                        noise: hidden  ·  filter: off"
"                                                                                                                                                                                                        "
