---
source: tests/snapshot_popups.rs
expression: rendered
---
"┌ Flightdeck ──────────────────────────────────────────────────────────────────────────────────────────────────────────────────────────────────────────────────────────────────────────────────────────┐"
"│ Flightdeck   session demo-mixed  ·  Master pi at /repo/demo  ·  daemon: file-mode  ·  uptime 2h25m  ·  Adhoc 1 · Issue 1 · Workflow 1  ·  4m old  $0.00 · 0 turns · in 0 / out 0              moon ▾ │"
"└──────────────────────────────────────────────────────────────────────────────────────────────────────────────────────────────────────────────────────────────────────────────────────────────────────┘"
"┌ tabs ────────────────────────────────────────────────────────────────────────────────────────────────────────────────────────────────────────────────────────────────────────────────────────────────┐"
"│ Overview │ Activity │ Conversations │ Merges │ Decisions │ Costs │ Daemon                                                                                                                            │"
"└───────┌ Settings ───────────────────────────────────────────────────────────────────────────────────────────────────────────────────────────────────────────────────────────────────────[ ✕ ]┐───────┘"
"┌ left r│ edit dashboard-local env overrides; restart rows apply on next dashboard launch                                                                                                      │───────┐"
"│Status │ Override file /project/tmp/flightdeck-settings.toml                                                                                                                                  │       │"
"│▸ Needs│ Unset values show defaults from ENV.md; override file values are dashboard-scoped.                                                                                                   │       │"
"│Submitt│                                                                                                                                                                                      │       │"
"│Running│ Category      Setting                              Value                Default        Kind     Source    Effect       Purpose                                                       │       │"
"│       │ master loop   FLIGHTDECK_FORCE_MERGE_AFTER_SECS    240                  240            number   default   next launch  UNKNOWN-state wait threshold before considering force-merge.  │       │"
"│Merge q│ master loop   FLIGHTDECK_STATE_DIR                 tmp                  tmp            string   default   next launch  Project-relative master-state file directory.                 │       │"
"│1. VST-│ master loop   FLIGHTDECK_ACTIVITY_FILE             unset                unset          string   default   next launch  Explicit activity JSONL target for wrapper/workflow emitters. │       │"
"│2. VST-│ master loop   FLIGHTDECK_DEBOUNCE_CYCLES           2                    2              number   default   next launch  Consecutive poll cycles required for all-done termination.    │       │"
"│       │ master loop   FLIGHTDECK_AUTO_MERGE                1                    1              bool     default   next launch  When 0, merge transitions escalate instead of auto-answering. │       │"
"│Conflic│ master loop   FLIGHTDECK_AUTO_REBASE               0                    0              bool     default   next launch  When 1, eligible behind PR prompts may auto-update/rebase.    │       │"
"│• VST-1│ master loop   FLIGHTDECK_HIJACK_GRACE_SECS         90                   90             number   default   next launch  Seconds before missing orchestration state escalates.         │       │"
"│       │ master loop   FLIGHTDECK_LAUNCH_MODEL              unset                unset          string   default   next launch  Default launch model when callers omit --model.               │       │"
"│       │ master loop   FLIGHTDECK_LAUNCH_EFFORT             unset                unset          string   default   next launch  Default launch effort/thinking when callers omit --effort.    │ger    │"
"│       │ master loop   FLIGHTDECK_DISABLE_AUTO_RENAME       0                    0              bool     default   next launch  When 1, spawned tmux window titles stay sticky.               │       │"
"│       │ master loop   FLIGHTDECK_OPENCODE_VALIDATE_MODEL   1                    1              bool     default   next launch  Require OpenCode model list validation before launch.         │       │"
"│       │ master loop   FLIGHTDECK_PI_ACTIVITY_BROKER        1                    1              bool     default   next launch  When 0, ignore Pi activity broker rows and use legacy wakes.  │       │"
"│       │ watchdogs     VSTACK_AGENT_END_WATCHDOG            1                    1              bool     default   next launch  Toggle for agent-end watchdog.                                │       │"
"│       │ watchdogs     VSTACK_AGENT_END_WATCHDOG_GRACE_SEC  10                   10             number   default   next launch  Grace seconds before synthesizing needs_completion.           │       │"
"│       │ watchdogs     VSTACK_STALL_WATCHDOG                1                    1              bool     default   next launch  Toggle for idle-stall watchdog.                               │       │"
"│       │ watchdogs     VSTACK_STALL_WATCHDOG_INTERVAL_SEC   60                   60             number   default   next launch  Poll cadence for idle-stall detection.                        │ktree  │"
"│       │ watchdogs     VSTACK_STALL_WATCHDOG_THRESHOLD_SEC  300                  300            number   default   next launch  Bridge-idle threshold before synthesizing blocked.            │       │"
"│       │ watchdogs     VSTACK_EDIT_LOOP_DETECTOR            1                    1              bool     default   next launch  Toggle for edit-loop detector.                                │       │"
"│       │ watchdogs     VSTACK_EDIT_LOOP_THRESHOLD_N         5                    5              number   default   next launch  Edit failure count that trips the detector.                   │       │"
"│       │ watchdogs     VSTACK_EDIT_LOOP_WINDOW_SEC          120                  120            number   default   next launch  Sliding window for edit-loop counting.                        │       │"
"│       │ watchdogs     VSTACK_RATE_LIMIT_WATCHDOG           1                    1              bool     default   next launch  Toggle for rate-limit retry watchdog.                         │       │"
"│       │ watchdogs     VSTACK_RATE_LIMIT_MAX_ATTEMPTS       5                    5              number   default   next launch  Maximum retry attempts before surfacing exhaustion.           │       │"
"│       │ watchdogs     VSTACK_RATE_LIMIT_BACKOFF_LADDER     60,120,300,600,1800  60,120,300,600 string   default   next launch  Comma-separated retry backoff seconds per attempt.            │       │"
"│       │ daemon        FD_BELL_WAKE_INTERVAL_SEC            60                   60             number   default   next launch  Per-pane-per-tag bell-wake rate limit.                        │       │"
"│       │ daemon        FD_RECONCILE_INTERVAL_SEC            5                    5              number   default   next launch  Mid-session reconcile cadence.                                │       │"
"│       │ daemon        FD_HEARTBEAT_OWNER_CGROUP            1                    1              bool     default   next launch  When 0, skip heartbeat cgroup memory probe.                   │       │"
"│       │ dashboard     FLIGHTDECK_DASHBOARD                 1                    1              bool     default   next launch  When 0, dashboard launch exits silently.                      │       │"
"│       │ dashboard     FLIGHTDECK_DASHBOARD_WINDOW          flightdeck           flightdeck     string   default   next launch  Tmux window name used by dashboard launch hook.               │       │"
"│       │ dashboard     FLIGHTDECK_DASHBOARD_MOTION          full                 full           string   default   next launch  Animation intensity: full, reduced, or off.                   │       │"
"│       │ dashboard     FLIGHTDECK_DASHBOARD_THEME           moon                 moon           string   default   next launch  Color theme: moon, dawn, pantera, or system.                  │       │"
"│       │ dashboard     FLIGHTDECK_DAEMON_RUST               0                    0              bool     default   next launch  Opt in to Rust daemon wake side/subscriber absorption.        │       │"
"│       │ dashboard     FLIGHTDECK_DASHBOARD_BELL            1                    1              bool     default   current run  When 0, suppress terminal bell on new pause edge.             │       │"
"│       │ dashboard     FLIGHTDECK_DASHBOARD_COST_POLL_SECS  5                    5              number   default   next launch  Cost-source poll interval in seconds.                         │       │"
"│       │ dashboard     FLIGHTDECK_DASHBOARD_PRICING_FILE    bundled table        bundled table  string   default   next launch  Optional pricing TOML override for cost calculations.         │       │"
"│       │ dashboard     FLIGHTDECK_DASHBOARD_QUICK_FOCUS     0                    0              bool     default   current run  When 1, g focuses selected tmux window without confirm.       │       │"
"│       │ dashboard     TMUX_PROBE_TTL                       5                    5              number   default   next launch  Cached tmux list-panes TTL for stale row detection.           │       │"
"│       │ dashboard     FLIGHTDECK_DASHBOARD_STALE_WARN_SECS 30                   30             number   default   current run  Stale-chip warning threshold in seconds.                      │       │"
"│       │ dashboard     FLIGHTDECK_DASHBOARD_STALE_DEAD_SECS 300                  300            number   default   current run  Stale/dead chip threshold in seconds.                         │       │"
"│       │ dashboard     FLIGHTDECK_DASHBOARD_STOP_GRACE_MS   5000                 5000           number   default   next launch  Daemon stop grace before SIGKILL escalation.                  │       │"
"│       │ tuning        FD_ADAPTER_READ_TIMEOUT_SEC          2                    2              number   default   next launch  Bounds per-adapter read subprocesses.                         │       │"
"│       │ tuning        FD_ADAPTER_FRESHNESS_TTL             5                    5              number   default   next launch  Freshness probe cache TTL.                                    │       │"
"│       │                                                       ↑/↓ select   Enter edit/toggle   Space toggle bool   r reset   Esc close                                                       │       │"
"│       └──────────────────────────────────────────────────────────────────────────────────────────────────────────────────────────────────────────────────────────────────────────────────────┘       │"
"│                          ││                                                                                                                              ││                                          │"
"│                          ││                                                                                                                              ││                                          │"
"│                          ││                                                                                                                              ││                                          │"
"└──────────────────────────┘└──────────────────────────────────────────────────────────────────────────────────────────────────────────────────────────────┘└──────────────────────────────────────────┘"
" ↹ tabs   j/k or ↑/↓ select   ⏎ detail   f filters   n noise   s session   d decisions   e export   ? help   q quit                                                        noise: hidden  ·  filter: off"
"                                                                                                                                                                                                        "
