---
source: tests/snapshot_popups.rs
expression: rendered
---
"┌ Flightdeck ──────────────────────────────────────────────────────────────────────────────────────────────────────────────────────────────────────────────────────────────────────────────────────────┐"
"│ Flightdeck   session demo-mixed  ·  Supervisor pi at /repo/demo  ·  state: live file  ·  uptime 2h25m  ·  Adhoc 1 · Issues 1 · Tasks 1  ·  4m old  $0.00 · 0 turns · in 0 / out 0             moon ▾ │"
"└──────────────────────────────────────────────────────────────────────────────────────────────────────────────────────────────────────────────────────────────────────────────────────────────────────┘"
"┌ tabs ────────────────────────────────────────────────────────────────────────────────────────────────────────────────────────────────────────────────────────────────────────────────────────────────┐"
"│ Overview │ Activity │ Conversations │ Merges │ Decisions │ Costs │ Daemon                                                                                                                            │"
"└─────────────┌ History ────────────────────────────────────────────────────────────────────────────────────────────────────────────────────────────────────────────────────────────[ ✕ ]┐─────────────┘"
"┌ summary ────│ Browse durable Flightdeck runs; loaded archives are read-only                                                                                                            │─────────────┐"
"│Status       │ ┌ search ──────────────────────────────────────────────────────────────────────────────────────────────────────────────────────────────────────────────────────────────┐ │             │"
"│▸ Needs input│ │filter off  ·  2 run(s)                                                                                                                                               │ │nput         │"
"│Submitting   │ └──────────────────────────────────────────────────────────────────────────────────────────────────────────────────────────────────────────────────────────────────────┘ │             │"
"│Running      │ ┌ runs ────────────────────────────────────────────────────────────────────────────────────────────────────────────────────────────────────────────────────────────────┐ │             │"
"│             │ │Status       Run / snapshot                                        Session          Started           Ended             Summary                                       │ │             │"
"│Merge queue  │ │terminated   run-2026-05-15T101500Z-abcdef12                       VS               2026-05-15 10:10  2026-05-15 10:10  —                                             │ │reader       │"
"│1. VST-101  N│ │snapshot       ↳ 2026-05-15T101500Z.json                                                                                Enter loads this snapshot                     │ │             │"
"│2. VST-102  q│ │snapshot       ↳ 2026-05-15T100000Z.json                                                                                Enter loads this snapshot                     │ │             │"
"│             │ │imported     imported-VS-2026-05-14T091500Z-deadbeef               VS               2026-05-15 10:10  2026-05-15 10:10  /history/imported-VS-2026-05-14T091500Z-deadbe│ │01           │"
"│Conflicts    │ │                                                                                                                                                                      │ │             │"
"│• VST-101 ↔ V│ │                                                                                                                                                                      │ │             │"
"│             │ │                                                                                                                                                                      │ │             │"
"│             │ │                                                                                                                                                                      │ │             │"
"│             │ │                                                                                                                                                                      │ │4x bigger    │"
"│             │ │                                                                                                                                                                      │ │             │"
"│             │ │                                                                                                                                                                      │ │             │"
"│             │ │                                                                                                                                                                      │ │             │"
"│             │ │                                                                                                                                                                      │ │             │"
"│             │ │                                                                                                                                                                      │ │             │"
"│             │ │                                                                                                                                                                      │ │             │"
"│             │ │                                                                                                                                                                      │ │t needs      │"
"│             │ │                                                                                                                                                                      │ │             │"
"│             │ │                                                                                                                                                                      │ │ed for       │"
"│             │ │                                                                                                                                                                      │ │             │"
"│             │ │                                                                                                                                                                      │ │             │"
"│             │ │                                                                                                                                                                      │ │             │"
"│             │ │                                                                                                                                                                      │ │ng worktree  │"
"│             │ │                                                                                                                                                                      │ │             │"
"│             │ │                                                                                                                                                                      │ │             │"
"│             │ │                                                                                                                                                                      │ │             │"
"│             │ │                                                                                                                                                                      │ │             │"
"│             │ │                                                                                                                                                                      │ │             │"
"│             │ │                                                                                                                                                                      │ │             │"
"│             │ │                                                                                                                                                                      │ │             │"
"│             │ │                                                                                                                                                                      │ │             │"
"│             │ │                                                                                                                                                                      │ │             │"
"│             │ │                                                                                                                                                                      │ │             │"
"│             │ │                                                                                                                                                                      │ │             │"
"│             │ │                                                                                                                                                                      │ │             │"
"│             │ │                                                                                                                                                                      │ │             │"
"│             │ │                                                                                                                                                                      │ │             │"
"│             │ │                                                                                                                                                                      │ │             │"
"│             │ │                                                                                                                                                                      │ │             │"
"│             │ │                                                                                                                                                                      │ │             │"
"│             │ └──────────────────────────────────────────────────────────────────────────────────────────────────────────────────────────────────────────────────────────────────────┘ │             │"
"│             │                                          ↑/↓ select   Enter load   A active   / filter   I import legacy   S summary   Esc close                                         │             │"
"│             └──────────────────────────────────────────────────────────────────────────────────────────────────────────────────────────────────────────────────────────────────────────┘             │"
"│                          ││                                                                                                                              ││                                          │"
"│                          ││                                                                                                                              ││                                          │"
"│                          ││                                                                                                                              ││                                          │"
"└──────────────────────────┘└──────────────────────────────────────────────────────────────────────────────────────────────────────────────────────────────┘└──────────────────────────────────────────┘"
" ↹ tabs   j/k or ↑/↓ select   ⏎ detail   H history   f filters   n noise   s session   d decisions   e export   ? help   q quit                                            noise: hidden  ·  filter: off"
"                                                                                                                                                                                                        "
