---
source: tests/snapshot_tabs.rs
expression: rendered
---
"┌ Flightdeck ──────────────────────────────────────────────────────────────────────────────────────────────────────────────────────────────────────────────────────────────────────────────────────────┐"
"│ Flightdeck   session demo-mixed  ·  Supervisor pi at /repo/demo  ·  state: live file  ·  uptime 2h25m  ·  Adhoc 1 · Issues 1 · Tasks 1  ·  4m old  $0.12 · 23t  1 cost source unhealthy       moon ▾ │"
"└──────────────────────────────────────────────────────────────────────────────────────────────────────────────────────────────────────────────────────────────────────────────────────────────────────┘"
"┌ tabs ────────────────────────────────────────────────────────────────────────────────────────────────────────────────────────────────────────────────────────────────────────────────────────────────┐"
"│ Overview │ Activity │ Conversations │ Merges │ Decisions │ Costs │ Daemon                                                                                                                            │"
"└──────────────────────────────────────────────────────────────────────────────────────────────────────────────────────────────────────────────────────────────────────────────────────────────────────┘"
"┌ Costs ───────────────────────────────────────────────────────────────────────────────────────────────────────────────────────────────────────────────────────────────────────────────────────────────┐"
"│Session total                                                                                                                                                                                         │"
"│$0.12  ·  23 turns  ·  in 845.2K / out 78.5K  ·  cache write 12.3K / read 4.5K                                                                                                                        │"
"│                                                                                                                                                                                                      │"
"│By harness                                                                                                                                                                                            │"
"│opencode    1 session    $0.12 · 23 turns · in 845.2K / out 78.5K                                                                                                                                     │"
"│                                                                                                                                                                                                      │"
"│By session                                                                                                                                                                                            │"
"│VST-101        opencode   $0.12 · 23t  in 845.2K / out 78.5K                                                                                                                                          │"
"│dashboard-rust codex      —            error: codex usage not yet supported                                                                                                                           │"
"│adhoc-logs     pi         —            no cost source                                                                                                                                                 │"
"│                                                                                                                                                                                                      │"
"│Pricing source: bundled @ 2026-05-15  ([ p ] open detail)                                                                                                                                             │"
"│Last polled: 10:10:00                                                                                                                                                                                 │"
"│1 cost source unhealthy                                                                                                                                                                               │"
"│                                                                                                                                                                                                      │"
"│                                                                                                                                                                                                      │"
"│                                                                                                                                                                                                      │"
"│                                                                                                                                                                                                      │"
"│                                                                                                                                                                                                      │"
"│                                                                                                                                                                                                      │"
"│                                                                                                                                                                                                      │"
"│                                                                                                                                                                                                      │"
"│                                                                                                                                                                                                      │"
"│                                                                                                                                                                                                      │"
"│                                                                                                                                                                                                      │"
"│                                                                                                                                                                                                      │"
"│                                                                                                                                                                                                      │"
"│                                                                                                                                                                                                      │"
"│                                                                                                                                                                                                      │"
"│                                                                                                                                                                                                      │"
"│                                                                                                                                                                                                      │"
"│                                                                                                                                                                                                      │"
"│                                                                                                                                                                                                      │"
"│                                                                                                                                                                                                      │"
"│                                                                                                                                                                                                      │"
"│                                                                                                                                                                                                      │"
"│                                                                                                                                                                                                      │"
"│                                                                                                                                                                                                      │"
"│                                                                                                                                                                                                      │"
"│                                                                                                                                                                                                      │"
"│                                                                                                                                                                                                      │"
"│                                                                                                                                                                                                      │"
"│                                                                                                                                                                                                      │"
"│                                                                                                                                                                                                      │"
"│                                                                                                                                                                                                      │"
"│                                                                                                                                                                                                      │"
"│                                                                                                                                                                                                      │"
"│                                                                                                                                                                                                      │"
"│                                                                                                                                                                                                      │"
"│                                                                                                                                                                                                      │"
"└──────────────────────────────────────────────────────────────────────────────────────────────────────────────────────────────────────────────────────────────────────────────────────────────────────┘"
" ↹ tabs   j/k or ↑/↓ select   ⏎ detail   H history   f filters   n noise   s session   d decisions   e export   ? help   q quit                                            noise: hidden  ·  filter: off"
"                                                                                                                                                                                                        "
